Hello, World!
cell/MBFF2x2.txt
Available CPU cores: 16
MM25_1 num_finger: 2
MM19_1 num_finger: 1
MM18_1 num_finger: 1
MM15_1 num_finger: 1
MM13_1 num_finger: 1
MM7_1 num_finger: 1
MM11_1 num_finger: 1
MM10_1 num_finger: 1
MM22_1 num_finger: 1
MM1_1 num_finger: 1
MM3_1 num_finger: 1
MM21_1 num_finger: 1
MM25_2 num_finger: 2
MM19_2 num_finger: 1
MM18_2 num_finger: 1
MM15_2 num_finger: 1
MM13_2 num_finger: 1
MM7_2 num_finger: 1
MM11_2 num_finger: 1
MM10_2 num_finger: 1
MM1_2 num_finger: 1
MM3_2 num_finger: 1
MM24_1 num_finger: 2
MM17_1 num_finger: 1
MM16_1 num_finger: 1
MM14_1 num_finger: 1
MM12_1 num_finger: 1
MM6_1 num_finger: 1
MM9_1 num_finger: 1
MM8_1 num_finger: 1
MM23_1 num_finger: 1
MM5_1 num_finger: 1
MM4_1 num_finger: 1
MM20_1 num_finger: 1
MM24_2 num_finger: 2
MM17_2 num_finger: 1
MM16_2 num_finger: 1
MM14_2 num_finger: 1
MM12_2 num_finger: 1
MM6_2 num_finger: 1
MM9_2 num_finger: 1
MM8_2 num_finger: 1
MM5_2 num_finger: 1
MM4_2 num_finger: 1
#tr/#net: 44/29
nets: 
pd2_2
pd4_2
net29_2
net37_2
pd5_2
net32_2
pd1_2
pu1_1
pd2_1
pd4_1
pd3_1
pd1_1
CLK
pu1_2
net15_1
D1
net29_1
D2
QN2
clkn
pd3_2
pd5_1
QN1
net32_1
net37_1
net15_2
clkb
compound_gates: 

MM7_2
MM6_2

MM15_2
MM14_2

MM18_2
MM17_2

MM10_1
MM1_1
MM9_1
MM4_1

MM7_1
MM6_1

MM25_2
MM24_2

MM21_1
MM20_1

MM25_1
MM24_1

MM18_1
MM17_1

MM15_1
MM14_1

MM10_2
MM1_2
MM9_2
MM4_2

MM22_1
MM23_1

transmission_gates: 

MM13_1
MM12_1

MM13_2
MM12_2
p-network: 
MM7_2
n-network: 
MM6_2

MM7_2 MM6_2 2
MM6_2 pref MM7_2
MM7_2 pref MM6_2
MM6_2 propose #0
MM6_2 match MM7_2
[matching result]
MM7_2 <-> MM6_2
p-network: 
MM15_2
n-network: 
MM14_2

MM15_2 MM14_2 2
MM14_2 pref MM15_2
MM15_2 pref MM14_2
MM14_2 propose #0
MM14_2 match MM15_2
[matching result]
MM15_2 <-> MM14_2
p-network: 
MM18_2
MM19_2
n-network: 
MM17_2
MM16_2

MM18_2 MM17_2 -2
MM18_2 MM16_2 -3
MM19_2 MM17_2 -3
MM19_2 MM16_2 0
MM17_2 pref MM18_2
MM17_2 pref MM19_2
MM16_2 pref MM19_2
MM16_2 pref MM18_2
MM18_2 pref MM17_2
MM18_2 pref MM16_2
MM19_2 pref MM16_2
MM19_2 pref MM17_2
MM17_2 propose #0
MM17_2 match MM18_2
MM16_2 propose #0
MM16_2 match MM19_2
[matching result]
MM18_2 <-> MM17_2
MM19_2 <-> MM16_2
p-network: 
MM10_1
MM11_1
MM1_1
MM3_1
n-network: 
MM9_1
MM8_1
MM4_1
MM5_1

MM10_1 MM9_1 -2
MM10_1 MM8_1 -3
MM10_1 MM4_1 -2
MM10_1 MM5_1 -5
MM11_1 MM9_1 -3
MM11_1 MM8_1 0
MM11_1 MM4_1 -5
MM11_1 MM5_1 -4
MM1_1 MM9_1 -2
MM1_1 MM8_1 -5
MM1_1 MM4_1 -2
MM1_1 MM5_1 -3
MM3_1 MM9_1 -5
MM3_1 MM8_1 -4
MM3_1 MM4_1 -3
MM3_1 MM5_1 0
MM9_1 pref MM10_1
MM9_1 pref MM1_1
MM9_1 pref MM11_1
MM9_1 pref MM3_1
MM8_1 pref MM11_1
MM8_1 pref MM10_1
MM8_1 pref MM3_1
MM8_1 pref MM1_1
MM4_1 pref MM10_1
MM4_1 pref MM1_1
MM4_1 pref MM3_1
MM4_1 pref MM11_1
MM5_1 pref MM3_1
MM5_1 pref MM1_1
MM5_1 pref MM11_1
MM5_1 pref MM10_1
MM10_1 pref MM9_1
MM10_1 pref MM4_1
MM10_1 pref MM8_1
MM10_1 pref MM5_1
MM11_1 pref MM8_1
MM11_1 pref MM9_1
MM11_1 pref MM5_1
MM11_1 pref MM4_1
MM1_1 pref MM9_1
MM1_1 pref MM4_1
MM1_1 pref MM5_1
MM1_1 pref MM8_1
MM3_1 pref MM5_1
MM3_1 pref MM4_1
MM3_1 pref MM8_1
MM3_1 pref MM9_1
MM9_1 propose #0
MM9_1 match MM10_1
MM8_1 propose #0
MM8_1 match MM11_1
MM4_1 propose #0
MM5_1 propose #0
MM5_1 match MM3_1
MM4_1 propose #1
MM4_1 match MM1_1
[matching result]
MM10_1 <-> MM9_1
MM11_1 <-> MM8_1
MM1_1 <-> MM4_1
MM3_1 <-> MM5_1
p-network: 
MM7_1
n-network: 
MM6_1

MM7_1 MM6_1 2
MM6_1 pref MM7_1
MM7_1 pref MM6_1
MM6_1 propose #0
MM6_1 match MM7_1
[matching result]
MM7_1 <-> MM6_1
p-network: 
MM25_2
n-network: 
MM24_2

MM25_2 MM24_2 2
MM24_2 pref MM25_2
MM25_2 pref MM24_2
MM24_2 propose #0
MM24_2 match MM25_2
[matching result]
MM25_2 <-> MM24_2
p-network: 
MM21_1
n-network: 
MM20_1

MM21_1 MM20_1 2
MM20_1 pref MM21_1
MM21_1 pref MM20_1
MM20_1 propose #0
MM20_1 match MM21_1
[matching result]
MM21_1 <-> MM20_1
p-network: 
MM25_1
n-network: 
MM24_1

MM25_1 MM24_1 2
MM24_1 pref MM25_1
MM25_1 pref MM24_1
MM24_1 propose #0
MM24_1 match MM25_1
[matching result]
MM25_1 <-> MM24_1
p-network: 
MM18_1
MM19_1
n-network: 
MM17_1
MM16_1

MM18_1 MM17_1 -2
MM18_1 MM16_1 -3
MM19_1 MM17_1 -3
MM19_1 MM16_1 0
MM17_1 pref MM18_1
MM17_1 pref MM19_1
MM16_1 pref MM19_1
MM16_1 pref MM18_1
MM18_1 pref MM17_1
MM18_1 pref MM16_1
MM19_1 pref MM16_1
MM19_1 pref MM17_1
MM17_1 propose #0
MM17_1 match MM18_1
MM16_1 propose #0
MM16_1 match MM19_1
[matching result]
MM18_1 <-> MM17_1
MM19_1 <-> MM16_1
p-network: 
MM15_1
n-network: 
MM14_1

MM15_1 MM14_1 2
MM14_1 pref MM15_1
MM15_1 pref MM14_1
MM14_1 propose #0
MM14_1 match MM15_1
[matching result]
MM15_1 <-> MM14_1
p-network: 
MM10_2
MM11_2
MM1_2
MM3_2
n-network: 
MM9_2
MM8_2
MM4_2
MM5_2

MM10_2 MM9_2 -2
MM10_2 MM8_2 -3
MM10_2 MM4_2 -2
MM10_2 MM5_2 -5
MM11_2 MM9_2 -3
MM11_2 MM8_2 0
MM11_2 MM4_2 -5
MM11_2 MM5_2 -4
MM1_2 MM9_2 -2
MM1_2 MM8_2 -5
MM1_2 MM4_2 -2
MM1_2 MM5_2 -3
MM3_2 MM9_2 -5
MM3_2 MM8_2 -4
MM3_2 MM4_2 -3
MM3_2 MM5_2 0
MM9_2 pref MM10_2
MM9_2 pref MM1_2
MM9_2 pref MM11_2
MM9_2 pref MM3_2
MM8_2 pref MM11_2
MM8_2 pref MM10_2
MM8_2 pref MM3_2
MM8_2 pref MM1_2
MM4_2 pref MM10_2
MM4_2 pref MM1_2
MM4_2 pref MM3_2
MM4_2 pref MM11_2
MM5_2 pref MM3_2
MM5_2 pref MM1_2
MM5_2 pref MM11_2
MM5_2 pref MM10_2
MM10_2 pref MM9_2
MM10_2 pref MM4_2
MM10_2 pref MM8_2
MM10_2 pref MM5_2
MM11_2 pref MM8_2
MM11_2 pref MM9_2
MM11_2 pref MM5_2
MM11_2 pref MM4_2
MM1_2 pref MM9_2
MM1_2 pref MM4_2
MM1_2 pref MM5_2
MM1_2 pref MM8_2
MM3_2 pref MM5_2
MM3_2 pref MM4_2
MM3_2 pref MM8_2
MM3_2 pref MM9_2
MM9_2 propose #0
MM9_2 match MM10_2
MM8_2 propose #0
MM8_2 match MM11_2
MM4_2 propose #0
MM5_2 propose #0
MM5_2 match MM3_2
MM4_2 propose #1
MM4_2 match MM1_2
[matching result]
MM10_2 <-> MM9_2
MM11_2 <-> MM8_2
MM1_2 <-> MM4_2
MM3_2 <-> MM5_2
p-network: 
MM22_1
n-network: 
MM23_1

MM22_1 MM23_1 2
MM23_1 pref MM22_1
MM22_1 pref MM23_1
MM23_1 propose #0
MM23_1 match MM22_1
[matching result]
MM22_1 <-> MM23_1
pairs: 
MM15_1 MM14_1
MM25_1 MM24_1
MM13_2 MM12_2
MM13_1 MM12_1
MM7_2 MM6_2
MM18_1 MM17_1
MM15_2 MM14_2
MM19_1 MM16_1
MM18_2 MM17_2
MM19_2 MM16_2
MM21_1 MM20_1
MM10_2 MM9_2
MM11_1 MM8_1
MM22_1 MM23_1
MM1_2 MM4_2
MM10_1 MM9_1
MM25_2 MM24_2
MM3_2 MM5_2
MM1_1 MM4_1
MM3_1 MM5_1
MM11_2 MM8_2
MM7_1 MM6_1
[matching result]
[folding_shape_generation]
[placement]
total_finger: 24
expected #row: 1
outputs.size(): 2
QN1
output mos: MM25_1
QN2
output mos: MM25_2
inputs.size(): 3
CLK
input mos: MM21_1
D1
input mos: MM3_1
D2
input mos: MM3_2
[ungrouped_pmos]
MM19_1
MM18_1
MM15_1
MM13_1
MM7_1
MM11_1
MM10_1
MM22_1
MM1_1
MM3_1
MM21_1
MM25_2
MM19_2
MM18_2
MM15_2
MM13_2
MM7_2
MM11_2
MM10_2
MM1_2
MM3_2
group: 
MM25_1
MM18_1
MM13_1
MM15_1
MM22_1
MM21_1
MM10_1
MM1_1
MM7_1
MM18_2
MM13_2
MM10_2
MM1_2
MM7_2
MM11_1
MM11_2
MM19_1
MM25_2
MM15_2
MM19_2
MM3_1
MM3_2
hello group_placement
target_area: 24
BFS Time taken : 0.883957
Time taken : 40.9607 seconds
target_area: 25
BFS Time taken : 0.607761
Time taken : 38.7591 seconds
bfs total time: 1.49172
dfs total time: 78.2187
number of cell: 16384
HPML: -1330275040
Set 1 intersecting elements: None
Row 0: 
hello print_shape
MM14_1  MM6_2   MM12_2  MM17_2  MM16_2  MM8_2   MM9_2   MM4_2   MM5_2   MM23_1          MM14_2  MM24_2  MM24_2  MM24_1  MM24_1  MM16_1  MM17_1  MM12_1  MM6_1   MM8_1   MM9_1   MM4_1   MM5_1   MM20_1  
--
MM15_1  MM7_2   MM13_2  MM18_2  MM19_2  MM11_2  MM10_2  MM1_2   MM3_2   MM22_1          MM15_2  MM25_2  MM25_2  MM25_1  MM25_1  MM19_1  MM18_1  MM13_1  MM7_1   MM11_1  MM10_1  MM1_1   MM3_1   MM21_1  
net37_1 net32_1 VSS     VSS     net15_2 net29_2 net29_2 clkb    net32_2 net32_2 clkn    pd5_2   pd5_2   net37_2 VSS     VSS     net29_2 pd3_2   pd3_2   clkb    net15_2 net15_2 clkn    pd1_2   pd1_2   D2      VSS     VSS     clkn    clkb    ------------------------net37_2 net32_2 VSS     VSS     net32_2 QN2     QN2     net32_2 VSS     VSS     net32_1 QN1     QN1     net32_1 VSS     VSS     net37_1 pd5_1   pd5_1   clkn    net32_1 net32_1 clkb    net29_1 net29_1 net15_1 VSS     VSS     net29_1 pd3_1   pd3_1   clkb    net15_1 net15_1 clkn    pd1_1   pd1_1   D1      VSS     VSS     CLK     clkn    
--
net37_1 net32_1 VDD     VDD     net15_2 net29_2 net29_2 clkn    net32_2 net32_2 clkb    pd4_2   pd4_2   net37_2 VDD     VDD     net29_2 pd2_2   pd2_2   clkn    net15_2 net15_2 clkb    pu1_2   pu1_2   D2      VDD     VDD     clkn    clkb    ------------------------net37_2 net32_2 VDD     VDD     net32_2 QN2     QN2     net32_2 VDD     VDD     net32_1 QN1     QN1     net32_1 VDD     VDD     net37_1 pd4_1   pd4_1   clkb    net32_1 net32_1 clkn    net29_1 net29_1 net15_1 VDD     VDD     net29_1 pd2_1   pd2_1   clkn    net15_1 net15_1 clkb    pu1_1   pu1_1   D1      VDD     VDD     CLK     clkn    
net37_1 net32_1 VSS     net15_2 net29_2 clkb    net32_2 clkn    pd5_2   net37_2 VSS     net29_2 pd3_2   clkb    net15_2 clkn    pd1_2   D2      VSS     clkn    clkb    Null    net37_2 net32_2 VSS     net32_2 QN2     net32_2 VSS     net32_1 QN1     net32_1 VSS     net37_1 pd5_1   clkn    net32_1 clkb    net29_1 net15_1 VSS     net29_1 pd3_1   clkb    net15_1 clkn    pd1_1   D1      VSS     CLK     clkn    

net37_1 net32_1 VDD     net15_2 net29_2 clkn    net32_2 clkb    pd4_2   net37_2 VDD     net29_2 pd2_2   clkn    net15_2 clkb    pu1_2   D2      VDD     clkn    clkb    Null    net37_2 net32_2 VDD     net32_2 QN2     net32_2 VDD     net32_1 QN1     net32_1 VDD     net37_1 pd4_1   clkb    net32_1 clkn    net29_1 net15_1 VDD     net29_1 pd2_1   clkn    net15_1 clkb    pu1_1   D1      VDD     CLK     clkn    

HSP: 420
HCD: 8
hello placement_merging
0 0 
score: 213
hello print_shape
MM14_1  MM6_2   MM12_2  MM17_2  MM16_2  MM8_2   MM9_2   MM4_2   MM5_2   MM23_1          MM14_2  MM24_2  MM24_2  MM24_1  MM24_1  MM16_1  MM17_1  MM12_1  MM6_1   MM8_1   MM9_1   MM4_1   MM5_1   MM20_1  
--
MM15_1  MM7_2   MM13_2  MM18_2  MM19_2  MM11_2  MM10_2  MM1_2   MM3_2   MM22_1          MM15_2  MM25_2  MM25_2  MM25_1  MM25_1  MM19_1  MM18_1  MM13_1  MM7_1   MM11_1  MM10_1  MM1_1   MM3_1   MM21_1  
net37_1 net32_1 VSS     VSS     net15_2 net29_2 net29_2 clkb    net32_2 net32_2 clkn    pd5_2   pd5_2   net37_2 VSS     VSS     net29_2 pd3_2   pd3_2   clkb    net15_2 net15_2 clkn    pd1_2   pd1_2   D2      VSS     VSS     clkn    clkb    ------------------------net37_2 net32_2 VSS     VSS     net32_2 QN2     QN2     net32_2 VSS     VSS     net32_1 QN1     QN1     net32_1 VSS     VSS     net37_1 pd5_1   pd5_1   clkn    net32_1 net32_1 clkb    net29_1 net29_1 net15_1 VSS     VSS     net29_1 pd3_1   pd3_1   clkb    net15_1 net15_1 clkn    pd1_1   pd1_1   D1      VSS     VSS     CLK     clkn    
--
net37_1 net32_1 VDD     VDD     net15_2 net29_2 net29_2 clkn    net32_2 net32_2 clkb    pd4_2   pd4_2   net37_2 VDD     VDD     net29_2 pd2_2   pd2_2   clkn    net15_2 net15_2 clkb    pu1_2   pu1_2   D2      VDD     VDD     clkn    clkb    ------------------------net37_2 net32_2 VDD     VDD     net32_2 QN2     QN2     net32_2 VDD     VDD     net32_1 QN1     QN1     net32_1 VDD     VDD     net37_1 pd4_1   pd4_1   clkb    net32_1 net32_1 clkn    net29_1 net29_1 net15_1 VDD     VDD     net29_1 pd2_1   pd2_1   clkn    net15_1 net15_1 clkb    pu1_1   pu1_1   D1      VDD     VDD     CLK     clkn    
net37_1 net32_1 VSS     net15_2 net29_2 clkb    net32_2 clkn    pd5_2   net37_2 VSS     net29_2 pd3_2   clkb    net15_2 clkn    pd1_2   D2      VSS     clkn    clkb    Null    net37_2 net32_2 VSS     net32_2 QN2     net32_2 VSS     net32_1 QN1     net32_1 VSS     net37_1 pd5_1   clkn    net32_1 clkb    net29_1 net15_1 VSS     net29_1 pd3_1   clkb    net15_1 clkn    pd1_1   D1      VSS     CLK     clkn    

net37_1 net32_1 VDD     net15_2 net29_2 clkn    net32_2 clkb    pd4_2   net37_2 VDD     net29_2 pd2_2   clkn    net15_2 clkb    pu1_2   D2      VDD     clkn    clkb    Null    net37_2 net32_2 VDD     net32_2 QN2     net32_2 VDD     net32_1 QN1     net32_1 VDD     net37_1 pd4_1   clkb    net32_1 clkn    net29_1 net15_1 VDD     net29_1 pd2_1   clkn    net15_1 clkb    pu1_1   D1      VDD     CLK     clkn    

area: 25
hpml: 213
#inter-row signals: 0
total density: 2260
cost: 860
hello print_shape
MM14_1  MM6_2   MM12_2  MM17_2  MM16_2  MM8_2   MM9_2   MM4_2   MM5_2   MM23_1          MM14_2  MM24_2  MM24_2  MM24_1  MM24_1  MM16_1  MM17_1  MM12_1  MM6_1   MM8_1   MM9_1   MM4_1   MM5_1   MM20_1  
--
MM15_1  MM7_2   MM13_2  MM18_2  MM19_2  MM11_2  MM10_2  MM1_2   MM3_2   MM22_1          MM15_2  MM25_2  MM25_2  MM25_1  MM25_1  MM19_1  MM18_1  MM13_1  MM7_1   MM11_1  MM10_1  MM1_1   MM3_1   MM21_1  
net37_1 net32_1 VSS     VSS     net15_2 net29_2 net29_2 clkb    net32_2 net32_2 clkn    pd5_2   pd5_2   net37_2 VSS     VSS     net29_2 pd3_2   pd3_2   clkb    net15_2 net15_2 clkn    pd1_2   pd1_2   D2      VSS     VSS     clkn    clkb    ------------------------net37_2 net32_2 VSS     VSS     net32_2 QN2     QN2     net32_2 VSS     VSS     net32_1 QN1     QN1     net32_1 VSS     VSS     net37_1 pd5_1   pd5_1   clkn    net32_1 net32_1 clkb    net29_1 net29_1 net15_1 VSS     VSS     net29_1 pd3_1   pd3_1   clkb    net15_1 net15_1 clkn    pd1_1   pd1_1   D1      VSS     VSS     CLK     clkn    
--
net37_1 net32_1 VDD     VDD     net15_2 net29_2 net29_2 clkn    net32_2 net32_2 clkb    pd4_2   pd4_2   net37_2 VDD     VDD     net29_2 pd2_2   pd2_2   clkn    net15_2 net15_2 clkb    pu1_2   pu1_2   D2      VDD     VDD     clkn    clkb    ------------------------net37_2 net32_2 VDD     VDD     net32_2 QN2     QN2     net32_2 VDD     VDD     net32_1 QN1     QN1     net32_1 VDD     VDD     net37_1 pd4_1   pd4_1   clkb    net32_1 net32_1 clkn    net29_1 net29_1 net15_1 VDD     VDD     net29_1 pd2_1   pd2_1   clkn    net15_1 net15_1 clkb    pu1_1   pu1_1   D1      VDD     VDD     CLK     clkn    
net37_1 net32_1 VSS     net15_2 net29_2 clkb    net32_2 clkn    pd5_2   net37_2 VSS     net29_2 pd3_2   clkb    net15_2 clkn    pd1_2   D2      VSS     clkn    clkb    Null    net37_2 net32_2 VSS     net32_2 QN2     net32_2 VSS     net32_1 QN1     net32_1 VSS     net37_1 pd5_1   clkn    net32_1 clkb    net29_1 net15_1 VSS     net29_1 pd3_1   clkb    net15_1 clkn    pd1_1   D1      VSS     CLK     clkn    

net37_1 net32_1 VDD     net15_2 net29_2 clkn    net32_2 clkb    pd4_2   net37_2 VDD     net29_2 pd2_2   clkn    net15_2 clkb    pu1_2   D2      VDD     clkn    clkb    Null    net37_2 net32_2 VDD     net32_2 QN2     net32_2 VDD     net32_1 QN1     net32_1 VDD     net37_1 pd4_1   clkb    net32_1 clkn    net29_1 net15_1 VDD     net29_1 pd2_1   clkn    net15_1 clkb    pu1_1   D1      VDD     CLK     clkn    

[initial] cost: 860
[epoch 0]
[final result] cost: 832
area: 26
hpml: 167
#inter-row signals: 0
total density: 1589
cost: 832
hello print_shape
MM6_2   MM12_2  MM17_2  MM16_2  MM8_2   MM9_2   MM4_2   MM5_2   MM23_1          MM14_2  MM24_2  MM24_2  MM24_1  MM24_1          MM14_1  MM16_1  MM17_1  MM12_1  MM6_1   MM8_1   MM9_1   MM4_1   MM5_1   MM20_1  
--
MM7_2   MM13_2  MM18_2  MM19_2  MM11_2  MM10_2  MM1_2   MM3_2   MM22_1          MM15_2  MM25_2  MM25_2  MM25_1  MM25_1          MM15_1  MM19_1  MM18_1  MM13_1  MM7_1   MM11_1  MM10_1  MM1_1   MM3_1   MM21_1  
VSS     net15_2 net29_2 net29_2 clkb    net32_2 net32_2 clkn    pd5_2   pd5_2   net37_2 VSS     VSS     net29_2 pd3_2   pd3_2   clkb    net15_2 net15_2 clkn    pd1_2   pd1_2   D2      VSS     VSS     clkn    clkb    ------------------------net37_2 net32_2 VSS     VSS     net32_2 QN2     QN2     net32_2 VSS     VSS     net32_1 QN1     QN1     net32_1 VSS     ------------------------net37_1 net32_1 VSS     VSS     net37_1 pd5_1   pd5_1   clkn    net32_1 net32_1 clkb    net29_1 net29_1 net15_1 VSS     VSS     net29_1 pd3_1   pd3_1   clkb    net15_1 net15_1 clkn    pd1_1   pd1_1   D1      VSS     VSS     CLK     clkn    
--
VDD     net15_2 net29_2 net29_2 clkn    net32_2 net32_2 clkb    pd4_2   pd4_2   net37_2 VDD     VDD     net29_2 pd2_2   pd2_2   clkn    net15_2 net15_2 clkb    pu1_2   pu1_2   D2      VDD     VDD     clkn    clkb    ------------------------net37_2 net32_2 VDD     VDD     net32_2 QN2     QN2     net32_2 VDD     VDD     net32_1 QN1     QN1     net32_1 VDD     ------------------------net37_1 net32_1 VDD     VDD     net37_1 pd4_1   pd4_1   clkb    net32_1 net32_1 clkn    net29_1 net29_1 net15_1 VDD     VDD     net29_1 pd2_1   pd2_1   clkn    net15_1 net15_1 clkb    pu1_1   pu1_1   D1      VDD     VDD     CLK     clkn    
VSS     net15_2 net29_2 clkb    net32_2 clkn    pd5_2   net37_2 VSS     net29_2 pd3_2   clkb    net15_2 clkn    pd1_2   D2      VSS     clkn    clkb    Null    net37_2 net32_2 VSS     net32_2 QN2     net32_2 VSS     net32_1 QN1     net32_1 VSS     Null    net37_1 net32_1 VSS     net37_1 pd5_1   clkn    net32_1 clkb    net29_1 net15_1 VSS     net29_1 pd3_1   clkb    net15_1 clkn    pd1_1   D1      VSS     CLK     clkn    

VDD     net15_2 net29_2 clkn    net32_2 clkb    pd4_2   net37_2 VDD     net29_2 pd2_2   clkn    net15_2 clkb    pu1_2   D2      VDD     clkn    clkb    Null    net37_2 net32_2 VDD     net32_2 QN2     net32_2 VDD     net32_1 QN1     net32_1 VDD     Null    net37_1 net32_1 VDD     net37_1 pd4_1   clkb    net32_1 clkn    net29_1 net15_1 VDD     net29_1 pd2_1   clkn    net15_1 clkb    pu1_1   D1      VDD     CLK     clkn    

[epoch 1]
[final result] cost: 827
area: 26
hpml: 162
#inter-row signals: 0
total density: 1523
cost: 827
hello print_shape
MM14_2  MM6_2   MM12_2  MM17_2  MM16_2  MM8_2   MM9_2   MM4_2   MM5_2   MM23_1          MM24_2  MM24_2  MM24_1  MM24_1          MM14_1  MM16_1  MM17_1  MM12_1  MM6_1   MM8_1   MM9_1   MM4_1   MM5_1   MM20_1  
--
MM15_2  MM7_2   MM13_2  MM18_2  MM19_2  MM11_2  MM10_2  MM1_2   MM3_2   MM22_1          MM25_2  MM25_2  MM25_1  MM25_1          MM15_1  MM19_1  MM18_1  MM13_1  MM7_1   MM11_1  MM10_1  MM1_1   MM3_1   MM21_1  
net37_2 net32_2 VSS     VSS     net15_2 net29_2 net29_2 clkb    net32_2 net32_2 clkn    pd5_2   pd5_2   net37_2 VSS     VSS     net29_2 pd3_2   pd3_2   clkb    net15_2 net15_2 clkn    pd1_2   pd1_2   D2      VSS     VSS     clkn    clkb    ------------------------VSS     net32_2 QN2     QN2     net32_2 VSS     VSS     net32_1 QN1     QN1     net32_1 VSS     ------------------------net37_1 net32_1 VSS     VSS     net37_1 pd5_1   pd5_1   clkn    net32_1 net32_1 clkb    net29_1 net29_1 net15_1 VSS     VSS     net29_1 pd3_1   pd3_1   clkb    net15_1 net15_1 clkn    pd1_1   pd1_1   D1      VSS     VSS     CLK     clkn    
--
net37_2 net32_2 VDD     VDD     net15_2 net29_2 net29_2 clkn    net32_2 net32_2 clkb    pd4_2   pd4_2   net37_2 VDD     VDD     net29_2 pd2_2   pd2_2   clkn    net15_2 net15_2 clkb    pu1_2   pu1_2   D2      VDD     VDD     clkn    clkb    ------------------------VDD     net32_2 QN2     QN2     net32_2 VDD     VDD     net32_1 QN1     QN1     net32_1 VDD     ------------------------net37_1 net32_1 VDD     VDD     net37_1 pd4_1   pd4_1   clkb    net32_1 net32_1 clkn    net29_1 net29_1 net15_1 VDD     VDD     net29_1 pd2_1   pd2_1   clkn    net15_1 net15_1 clkb    pu1_1   pu1_1   D1      VDD     VDD     CLK     clkn    
net37_2 net32_2 VSS     net15_2 net29_2 clkb    net32_2 clkn    pd5_2   net37_2 VSS     net29_2 pd3_2   clkb    net15_2 clkn    pd1_2   D2      VSS     clkn    clkb    Null    VSS     net32_2 QN2     net32_2 VSS     net32_1 QN1     net32_1 VSS     Null    net37_1 net32_1 VSS     net37_1 pd5_1   clkn    net32_1 clkb    net29_1 net15_1 VSS     net29_1 pd3_1   clkb    net15_1 clkn    pd1_1   D1      VSS     CLK     clkn    

net37_2 net32_2 VDD     net15_2 net29_2 clkn    net32_2 clkb    pd4_2   net37_2 VDD     net29_2 pd2_2   clkn    net15_2 clkb    pu1_2   D2      VDD     clkn    clkb    Null    VDD     net32_2 QN2     net32_2 VDD     net32_1 QN1     net32_1 VDD     Null    net37_1 net32_1 VDD     net37_1 pd4_1   clkb    net32_1 clkn    net29_1 net15_1 VDD     net29_1 pd2_1   clkn    net15_1 clkb    pu1_1   D1      VDD     CLK     clkn    

[epoch 2]
[final result] cost: 822
area: 26
hpml: 158
#inter-row signals: 0
total density: 1487
cost: 822
hello print_shape
MM14_2  MM6_2   MM12_2  MM17_2  MM16_2  MM8_2   MM9_2   MM4_2   MM5_2   MM24_2  MM24_2          MM23_1  MM24_1  MM24_1          MM14_1  MM16_1  MM17_1  MM12_1  MM6_1   MM8_1   MM9_1   MM4_1   MM5_1   MM20_1  
--
MM15_2  MM7_2   MM13_2  MM18_2  MM19_2  MM11_2  MM10_2  MM1_2   MM3_2   MM25_2  MM25_2          MM22_1  MM25_1  MM25_1          MM15_1  MM19_1  MM18_1  MM13_1  MM7_1   MM11_1  MM10_1  MM1_1   MM3_1   MM21_1  
net37_2 net32_2 VSS     VSS     net15_2 net29_2 net29_2 clkb    net32_2 net32_2 clkn    pd5_2   pd5_2   net37_2 VSS     VSS     net29_2 pd3_2   pd3_2   clkb    net15_2 net15_2 clkn    pd1_2   pd1_2   D2      VSS     VSS     net32_2 QN2     QN2     net32_2 VSS     ------------------------clkb    clkn    VSS     VSS     net32_1 QN1     QN1     net32_1 VSS     ------------------------net37_1 net32_1 VSS     VSS     net37_1 pd5_1   pd5_1   clkn    net32_1 net32_1 clkb    net29_1 net29_1 net15_1 VSS     VSS     net29_1 pd3_1   pd3_1   clkb    net15_1 net15_1 clkn    pd1_1   pd1_1   D1      VSS     VSS     CLK     clkn    
--
net37_2 net32_2 VDD     VDD     net15_2 net29_2 net29_2 clkn    net32_2 net32_2 clkb    pd4_2   pd4_2   net37_2 VDD     VDD     net29_2 pd2_2   pd2_2   clkn    net15_2 net15_2 clkb    pu1_2   pu1_2   D2      VDD     VDD     net32_2 QN2     QN2     net32_2 VDD     ------------------------clkb    clkn    VDD     VDD     net32_1 QN1     QN1     net32_1 VDD     ------------------------net37_1 net32_1 VDD     VDD     net37_1 pd4_1   pd4_1   clkb    net32_1 net32_1 clkn    net29_1 net29_1 net15_1 VDD     VDD     net29_1 pd2_1   pd2_1   clkn    net15_1 net15_1 clkb    pu1_1   pu1_1   D1      VDD     VDD     CLK     clkn    
net37_2 net32_2 VSS     net15_2 net29_2 clkb    net32_2 clkn    pd5_2   net37_2 VSS     net29_2 pd3_2   clkb    net15_2 clkn    pd1_2   D2      VSS     net32_2 QN2     net32_2 VSS     Null    clkb    clkn    VSS     net32_1 QN1     net32_1 VSS     Null    net37_1 net32_1 VSS     net37_1 pd5_1   clkn    net32_1 clkb    net29_1 net15_1 VSS     net29_1 pd3_1   clkb    net15_1 clkn    pd1_1   D1      VSS     CLK     clkn    

net37_2 net32_2 VDD     net15_2 net29_2 clkn    net32_2 clkb    pd4_2   net37_2 VDD     net29_2 pd2_2   clkn    net15_2 clkb    pu1_2   D2      VDD     net32_2 QN2     net32_2 VDD     Null    clkb    clkn    VDD     net32_1 QN1     net32_1 VDD     Null    net37_1 net32_1 VDD     net37_1 pd4_1   clkb    net32_1 clkn    net29_1 net15_1 VDD     net29_1 pd2_1   clkn    net15_1 clkb    pu1_1   D1      VDD     CLK     clkn    

[epoch 3]
hello calculate_available_track_case
layout_width * 2 + 1: 53
11511313315133133151115011511150115133131151331331511
optimized
before sat
SAT
[via]
1 0 0 0 0 1 0 1 0 1 0 0 0 1 0 1 0 0 0 0 0 0 0 0 0 1 0 0 0 0 0 0 1 0 0 1 0 1 0 1 0 0 0 0 0 1 0 1 0 0 0 0 1 
0 1 0 1 0 0 1 0 0 0 0 0 0 0 1 0 0 0 0 1 0 1 0 0 0 0 0 1 0 1 0 0 0 1 0 0 0 0 1 0 1 0 0 1 0 0 0 0 0 1 0 0 0 
0 0 0 0 1 0 0 0 0 0 0 1 0 0 0 0 0 1 0 0 0 0 0 0 0 0 0 0 0 0 0 0 0 0 0 0 0 0 0 0 0 1 0 0 0 0 1 0 0 0 0 0 0 
0 0 0 0 0 1 0 1 0 1 0 0 0 1 0 1 0 0 0 0 1 0 0 0 1 0 0 0 1 0 0 0 1 0 0 1 0 1 0 1 0 0 0 0 0 1 0 1 0 0 0 1 0 
[metal]
  3   3  -1  19  19  19  19  19  -1   3   3  -1  19  19  19  19  -1  -1  -1  -1  -1  -1  -1  -1  19  19  -1  -1  -1  -1  -1  -1  26  26  26  26  -1  19  19  19  19  19  -1  -1  -1  19  19  19  -1  -1  -1  19  19 
  5   5  -1  27  27  -1   5   5  -1  -1  -1  -1  -1  -1  27  27  -1  -1  -1   5   5   5  -1  -1  -1  -1  -1  24  24  24  -1  -1  24  24  -1  -1  -1  24  24  -1  16  16  -1  16  16  -1  -1  -1  15  15  -1  -1  -1 
 -1  -1  -1   2   2  -1  -1  -1  -1  -1  -1   2   2  -1  -1  -1  17  17  -1  -1  -1  -1  -1  -1  -1  -1  -1  -1  -1  -1  -1  -1  -1  -1  -1  -1  -1  -1  -1  -1  14  14  -1  -1  -1  -1  14  14  -1  -1  -1  -1  -1 
 -1  -1  -1  -1  -1  28  28  28  -1  -1  -1  -1  -1  28  28  28  -1  -1  -1  18  18  -1  -1  28  28  -1  -1  -1  23  23  -1  -1  -1  -1  -1  -1  -1  28  28  28  -1  -1  -1  -1  28  28  28  28  -1  -1  -1  12  12 
[metal density]
0 0 0 0 0 0 0 0 0 0 0 0 0 0 0 0 0 0 0 0 0 0 0 0 0 0 0 0 0 0 0 0 0 0 0 0 0 0 0 0 0 0 0 0 0 0 0 0 0 0 0 0 0 
0 0 0 0 0 0 0 0 0 0 0 0 0 0 0 0 0 0 0 0 0 0 0 0 0 0 0 0 0 0 0 0 0 0 0 0 0 0 0 0 0 0 0 0 0 0 0 0 0 0 0 0 0 
0 0 0 0 0 0 0 0 0 0 0 0 0 0 0 0 0 0 0 0 0 0 0 0 0 0 0 0 0 0 0 0 0 0 0 0 0 0 0 0 0 0 0 0 0 0 0 0 0 0 0 0 0 
0 0 0 0 0 0 0 0 0 0 0 0 0 0 0 0 0 0 0 0 0 0 0 0 0 0 0 0 0 0 0 0 0 0 0 0 0 0 0 0 0 0 0 0 0 0 0 0 0 0 0 0 0 
[verticall diff]
pd2_2
row 0: 0 0
pd4_2
row 0: 0 0
net29_2
row 0: 2 2
net37_2
row 0: 0 0
pd5_2
row 0: 0 0
net32_2
row 0: 1 1
pd1_2
row 0: 0 0
pu1_1
row 0: 0 0
pd2_1
row 0: 0 0
pd4_1
row 0: 0 0
pd3_1
row 0: 0 0
pd1_1
row 0: 0 0
CLK
row 0: 3 3
pu1_2
row 0: 0 0
net15_1
row 0: 2 2
D1
row 0: 1 1
net29_1
row 0: 1 1
D2
row 0: 2 2
QN2
row 0: 3 3
clkn
row 0: 0 0
VSS
row 0: 0 0
pd3_2
row 0: 0 0
pd5_1
row 0: 0 0
QN1
row 0: 3 3
net32_1
row 0: 1 1
VDD
row 0: 0 0
net37_1
row 0: 0 0
net15_2
row 0: 1 1
clkb
row 0: 3 3
[satisfy via metal]
11011111011011110000000011000000111101111100011100011
11011011000000110001110000011100110001101101100011000
00011000000110001100000000000000000000001100001100000
00000111000001110001100110001100000001110000111100011
total_via_vertical_diff: 0
total density: 0
finish satisfy via rule
hello print_shape
MM14_2  MM6_2   MM12_2  MM17_2  MM16_2  MM8_2   MM9_2   MM4_2   MM5_2   MM24_2  MM24_2          MM23_1  MM24_1  MM24_1          MM14_1  MM16_1  MM17_1  MM12_1  MM6_1   MM8_1   MM9_1   MM4_1   MM5_1   MM20_1  
--
MM15_2  MM7_2   MM13_2  MM18_2  MM19_2  MM11_2  MM10_2  MM1_2   MM3_2   MM25_2  MM25_2          MM22_1  MM25_1  MM25_1          MM15_1  MM19_1  MM18_1  MM13_1  MM7_1   MM11_1  MM10_1  MM1_1   MM3_1   MM21_1  
net37_2 net32_2 VSS     VSS     net15_2 net29_2 net29_2 clkb    net32_2 net32_2 clkn    pd5_2   pd5_2   net37_2 VSS     VSS     net29_2 pd3_2   pd3_2   clkb    net15_2 net15_2 clkn    pd1_2   pd1_2   D2      VSS     VSS     net32_2 QN2     QN2     net32_2 VSS     ------------------------clkb    clkn    VSS     VSS     net32_1 QN1     QN1     net32_1 VSS     ------------------------net37_1 net32_1 VSS     VSS     net37_1 pd5_1   pd5_1   clkn    net32_1 net32_1 clkb    net29_1 net29_1 net15_1 VSS     VSS     net29_1 pd3_1   pd3_1   clkb    net15_1 net15_1 clkn    pd1_1   pd1_1   D1      VSS     VSS     CLK     clkn    
--
net37_2 net32_2 VDD     VDD     net15_2 net29_2 net29_2 clkn    net32_2 net32_2 clkb    pd4_2   pd4_2   net37_2 VDD     VDD     net29_2 pd2_2   pd2_2   clkn    net15_2 net15_2 clkb    pu1_2   pu1_2   D2      VDD     VDD     net32_2 QN2     QN2     net32_2 VDD     ------------------------clkb    clkn    VDD     VDD     net32_1 QN1     QN1     net32_1 VDD     ------------------------net37_1 net32_1 VDD     VDD     net37_1 pd4_1   pd4_1   clkb    net32_1 net32_1 clkn    net29_1 net29_1 net15_1 VDD     VDD     net29_1 pd2_1   pd2_1   clkn    net15_1 net15_1 clkb    pu1_1   pu1_1   D1      VDD     VDD     CLK     clkn    
net37_2 net32_2 VSS     net15_2 net29_2 clkb    net32_2 clkn    pd5_2   net37_2 VSS     net29_2 pd3_2   clkb    net15_2 clkn    pd1_2   D2      VSS     net32_2 QN2     net32_2 VSS     Null    clkb    clkn    VSS     net32_1 QN1     net32_1 VSS     Null    net37_1 net32_1 VSS     net37_1 pd5_1   clkn    net32_1 clkb    net29_1 net15_1 VSS     net29_1 pd3_1   clkb    net15_1 clkn    pd1_1   D1      VSS     CLK     clkn    

net37_2 net32_2 VDD     net15_2 net29_2 clkn    net32_2 clkb    pd4_2   net37_2 VDD     net29_2 pd2_2   clkn    net15_2 clkb    pu1_2   D2      VDD     net32_2 QN2     net32_2 VDD     Null    clkb    clkn    VDD     net32_1 QN1     net32_1 VDD     Null    net37_1 net32_1 VDD     net37_1 pd4_1   clkb    net32_1 clkn    net29_1 net15_1 VDD     net29_1 pd2_1   clkn    net15_1 clkb    pu1_1   D1      VDD     CLK     clkn    

成功建立檔案：results/MBFF2x2.plmt
max_cols: 26
Generated results/MBFF2x2.plmt
Time taken : 132.827 seconds
